Test run for E:\TestTask\HYS\BackendCourse_2025Summer\Tests\bin\Debug\net8.0\Tests.dll (.NETCoreApp,Version=v8.0)
VSTest version 17.11.1 (x64)

Starting test execution, please wait...
A total of 1 test files matched the specified pattern.
E:\TestTask\HYS\BackendCourse_2025Summer\Tests\bin\Debug\net8.0\Tests.dll
[xUnit.net 00:00:00.00] xUnit.net VSTest Adapter v2.5.7+8f2703126a (64-bit .NET 8.0.16)
[xUnit.net 00:00:00.12]   Discovering: Tests
[xUnit.net 00:00:00.19]   Discovered:  Tests
[xUnit.net 00:00:00.20]   Starting:    Tests
info: Microsoft.AspNetCore.Hosting.Diagnostics[1]
      Request starting HTTP/1.1 DELETE http://localhost/users/999999 - - -
warn: Microsoft.AspNetCore.HttpsPolicy.HttpsRedirectionMiddleware[3]
      Failed to determine the https port for redirect.
info: Microsoft.AspNetCore.Hosting.Diagnostics[2]
      Request finished HTTP/1.1 DELETE http://localhost/users/999999 - 404 - - 43.1113ms
info: Microsoft.AspNetCore.Hosting.Diagnostics[16]
      Request reached the end of the middleware pipeline without being handled by application code. Request path: DELETE http://localhost/users/999999, Response status code: 404
dotnet : [xUnit.net 
00:00:00.68]     MeetingSche
duler.Tests.IntegrationTests
.DeleteNonExistentUser_Retur
nsNoContent [FAIL]
At line:1 char:1
+ dotnet test --no-build 
--logger "console;verbosity=
detailed" --filter ...
+ ~~~~~~~~~~~~~~~~~~~~~~~~~~
~~~~~~~~~~~~~~~~~~~~~~~~~~~~
~~~~~~~~~~~~~~~
    + CategoryInfo          
    : NotSpecified: ([xUni  
  t.net 00:0...oContent [   
 FAIL]:String) [], Remot    
eException
    + FullyQualifiedErrorId 
    : NativeCommandError
 
[xUnit.net 00:00:00.68]       Assert.Equal() Failure: Values differ
[xUnit.net 00:00:00.68]       Expected: NoContent
[xUnit.net 00:00:00.68]       Actual:   NotFound
[xUnit.net 00:00:00.68]       Stack Trace:
[xUnit.net 00:00:00.68]         E:\TestTask\HYS\BackendCourse_2025Summer\Tests\IntegrationTests.cs(203,0): at MeetingScheduler.Tests.IntegrationTests.DeleteNonExistentUser_ReturnsNoContent()
[xUnit.net 00:00:00.68]         --- End of stack trace from previous location ---
info: Microsoft.AspNetCore.Hosting.Diagnostics[1]
      Request starting HTTP/1.1 POST http://localhost/users - application/json;+charset=utf-8 19
warn: Microsoft.AspNetCore.HttpsPolicy.HttpsRedirectionMiddleware[3]
      Failed to determine the https port for redirect.
info: Microsoft.AspNetCore.Hosting.Diagnostics[2]
      Request finished HTTP/1.1 POST http://localhost/users - 404 - - 8.0690ms
info: Microsoft.AspNetCore.Hosting.Diagnostics[16]
      Request reached the end of the middleware pipeline without being handled by application code. Request path: POST http://localhost/users, Response status code: 404
[xUnit.net 00:00:00.74]     
MeetingScheduler.Tests.Integ
rationTests.CreateUser_Retur
nsCreatedUserId [FAIL]
[xUnit.net 00:00:00.75]       System.Net.Http.HttpRequestException : Response status code does not indicate success: 404 (Not Found).
[xUnit.net 00:00:00.75]       Stack Trace:
[xUnit.net 00:00:00.75]            at System.Net.Http.HttpResponseMessage.EnsureSuccessStatusCode()
[xUnit.net 00:00:00.75]         E:\TestTask\HYS\BackendCourse_2025Summer\Tests\IntegrationTests.cs(79,0): at MeetingScheduler.Tests.IntegrationTests.CreateUser_ReturnsCreatedUserId()
[xUnit.net 00:00:00.75]         --- End of stack trace from previous location ---
info: Microsoft.AspNetCore.Hosting.Diagnostics[1]
      Request starting HTTP/1.1 POST http://localhost/users - application/json;+charset=utf-8 512
warn: Microsoft.AspNetCore.HttpsPolicy.HttpsRedirectionMiddleware[3]
      Failed to determine the https port for redirect.
info: Microsoft.AspNetCore.Hosting.Diagnostics[2]
      Request finished HTTP/1.1 POST http://localhost/users - 404 - - 2.9491ms
info: Microsoft.AspNetCore.Hosting.Diagnostics[16]
      Request reached the end of the middleware pipeline without being handled by application code. Request path: POST http://localhost/users, Response status code: 404
[xUnit.net 00:00:00.77]     
MeetingScheduler.Tests.Integ
rationTests.CreateUser_WithV
eryLongName_ReturnsBadReques
t [FAIL]
[xUnit.net 00:00:00.77]       Assert.Equal() Failure: Values differ
[xUnit.net 00:00:00.79]       Expected: BadRequest
[xUnit.net 00:00:00.79]       Actual:   NotFound
[xUnit.net 00:00:00.79]       Stack Trace:
[xUnit.net 00:00:00.79]         E:\TestTask\HYS\BackendCourse_2025Summer\Tests\IntegrationTests.cs(183,0): at MeetingScheduler.Tests.IntegrationTests.CreateUser_WithVeryLongName_ReturnsBadRequest()
[xUnit.net 00:00:00.79]         --- End of stack trace from previous location ---
info: Microsoft.AspNetCore.Hosting.Diagnostics[1]
      Request starting HTTP/1.1 GET http://localhost/users/999999 - - -
warn: Microsoft.AspNetCore.HttpsPolicy.HttpsRedirectionMiddleware[3]
      Failed to determine the https port for redirect.
info: Microsoft.AspNetCore.Hosting.Diagnostics[2]
      Request finished HTTP/1.1 GET http://localhost/users/999999 - 404 - - 2.4098ms
info: Microsoft.AspNetCore.Hosting.Diagnostics[16]
      Request reached the end of the middleware pipeline without being handled by application code. Request path: GET http://localhost/users/999999, Response status code: 404
info: Microsoft.AspNetCore.Hosting.Diagnostics[1]
      Request starting HTTP/1.1 POST http://localhost/meetings - application/json;+charset=utf-8 116
warn: Microsoft.AspNetCore.HttpsPolicy.HttpsRedirectionMiddleware[3]
      Failed to determine the https port for redirect.
info: Microsoft.AspNetCore.Hosting.Diagnostics[2]
      Request finished HTTP/1.1 POST http://localhost/meetings - 404 - - 2.1582ms
info: Microsoft.AspNetCore.Hosting.Diagnostics[16]
      Request reached the end of the middleware pipeline without being handled by application code. Request path: POST http://localhost/meetings, Response status code: 404
[xUnit.net 00:00:00.85]     
MeetingScheduler.Tests.Integ
rationTests.CreateMeeting_Wi
thNoParticipants_ReturnsBadR
equest [FAIL]
[xUnit.net 00:00:00.85]       Assert.Equal() Failure: Values differ
[xUnit.net 00:00:00.85]       Expected: BadRequest
[xUnit.net 00:00:00.85]       Actual:   NotFound
[xUnit.net 00:00:00.85]       Stack Trace:
[xUnit.net 00:00:00.85]         E:\TestTask\HYS\BackendCourse_2025Summer\Tests\IntegrationTests.cs(314,0): at MeetingScheduler.Tests.IntegrationTests.CreateMeeting_WithNoParticipants_ReturnsBadRequest()
[xUnit.net 00:00:00.85]         --- End of stack trace from previous location ---
info: Microsoft.AspNetCore.Hosting.Diagnostics[1]
      Request starting HTTP/1.1 POST http://localhost/users - application/json;+charset=utf-8 28
warn: Microsoft.AspNetCore.HttpsPolicy.HttpsRedirectionMiddleware[3]
      Failed to determine the https port for redirect.
info: Microsoft.AspNetCore.Hosting.Diagnostics[2]
      Request finished HTTP/1.1 POST http://localhost/users - 404 - - 1.9988ms
info: Microsoft.AspNetCore.Hosting.Diagnostics[16]
      Request reached the end of the middleware pipeline without being handled by application code. Request path: POST http://localhost/users, Response status code: 404
[xUnit.net 00:00:00.87]     
MeetingScheduler.Tests.Integ
rationTests.DeleteUser_Retur
nsNoContent_WhenUserExists 
[FAIL]
[xUnit.net 00:00:00.87]       System.Net.Http.HttpRequestException : Response status code does not indicate success: 404 (Not Found).
[xUnit.net 00:00:00.87]       Stack Trace:
[xUnit.net 00:00:00.87]            at System.Net.Http.HttpResponseMessage.EnsureSuccessStatusCode()
[xUnit.net 00:00:00.87]         E:\TestTask\HYS\BackendCourse_2025Summer\Tests\IntegrationTests.cs(132,0): at MeetingScheduler.Tests.IntegrationTests.DeleteUser_ReturnsNoContent_WhenUserExists()
[xUnit.net 00:00:00.87]         --- End of stack trace from previous location ---
info: Microsoft.AspNetCore.Hosting.Diagnostics[1]
      Request starting HTTP/1.1 GET http://localhost/meetings/999999 - - -
warn: Microsoft.AspNetCore.HttpsPolicy.HttpsRedirectionMiddleware[3]
      Failed to determine the https port for redirect.
info: Microsoft.AspNetCore.Hosting.Diagnostics[2]
      Request finished HTTP/1.1 GET http://localhost/meetings/999999 - 404 - - 1.9931ms
info: Microsoft.AspNetCore.Hosting.Diagnostics[16]
      Request reached the end of the middleware pipeline without being handled by application code. Request path: GET http://localhost/meetings/999999, Response status code: 404
info: Microsoft.AspNetCore.Hosting.Diagnostics[1]
      Request starting HTTP/1.1 POST http://localhost/meetings - application/json;+charset=utf-8 117
warn: Microsoft.AspNetCore.HttpsPolicy.HttpsRedirectionMiddleware[3]
      Failed to determine the https port for redirect.
info: Microsoft.AspNetCore.Hosting.Diagnostics[2]
      Request finished HTTP/1.1 POST http://localhost/meetings - 404 - - 1.9177ms
info: Microsoft.AspNetCore.Hosting.Diagnostics[16]
      Request reached the end of the middleware pipeline without being handled by application code. Request path: POST http://localhost/meetings, Response status code: 404
[xUnit.net 00:00:00.93]     
MeetingScheduler.Tests.Integ
rationTests.CreateMeeting_Wi
thInvalidTimeRange_ReturnsBa
dRequest [FAIL]
[xUnit.net 00:00:00.93]       Assert.Equal() Failure: Values differ
[xUnit.net 00:00:00.93]       Expected: BadRequest
[xUnit.net 00:00:00.93]       Actual:   NotFound
[xUnit.net 00:00:00.93]       Stack Trace:
[xUnit.net 00:00:00.93]         E:\TestTask\HYS\BackendCourse_2025Summer\Tests\IntegrationTests.cs(231,0): at MeetingScheduler.Tests.IntegrationTests.CreateMeeting_WithInvalidTimeRange_ReturnsBadRequest()
[xUnit.net 00:00:00.93]         --- End of stack trace from previous location ---
info: Microsoft.AspNetCore.Hosting.Diagnostics[1]
      Request starting HTTP/1.1 GET http://localhost/users - - -
warn: Microsoft.AspNetCore.HttpsPolicy.HttpsRedirectionMiddleware[3]
      Failed to determine the https port for redirect.
info: Microsoft.AspNetCore.Hosting.Diagnostics[2]
      Request finished HTTP/1.1 GET http://localhost/users - 404 - - 2.1418ms
info: Microsoft.AspNetCore.Hosting.Diagnostics[16]
      Request reached the end of the middleware pipeline without being handled by application code. Request path: GET http://localhost/users, Response status code: 404
[xUnit.net 00:00:00.95]     
MeetingScheduler.Tests.Integ
rationTests.GetUsers_Returns
SuccessStatusCode [FAIL]
[xUnit.net 00:00:00.95]       System.Net.Http.HttpRequestException : Response status code does not indicate success: 404 (Not Found).
[xUnit.net 00:00:00.95]       Stack Trace:
[xUnit.net 00:00:00.95]            at System.Net.Http.HttpResponseMessage.EnsureSuccessStatusCode()
[xUnit.net 00:00:00.95]         E:\TestTask\HYS\BackendCourse_2025Summer\Tests\IntegrationTests.cs(60,0): at MeetingScheduler.Tests.IntegrationTests.GetUsers_ReturnsSuccessStatusCode()
[xUnit.net 00:00:00.95]         --- End of stack trace from previous location ---
info: Microsoft.AspNetCore.Hosting.Diagnostics[1]
      Request starting HTTP/1.1 DELETE http://localhost/meetings/999999 - - -
warn: Microsoft.AspNetCore.HttpsPolicy.HttpsRedirectionMiddleware[3]
      Failed to determine the https port for redirect.
info: Microsoft.AspNetCore.Hosting.Diagnostics[2]
      Request finished HTTP/1.1 DELETE http://localhost/meetings/999999 - 404 - - 1.5505ms
info: Microsoft.AspNetCore.Hosting.Diagnostics[16]
      Request reached the end of the middleware pipeline without being handled by application code. Request path: DELETE http://localhost/meetings/999999, Response status code: 404
info: Microsoft.AspNetCore.Hosting.Diagnostics[1]
      Request starting HTTP/1.1 POST http://localhost/users - application/json;+charset=utf-8 25
warn: Microsoft.AspNetCore.HttpsPolicy.HttpsRedirectionMiddleware[3]
      Failed to determine the https port for redirect.
info: Microsoft.AspNetCore.Hosting.Diagnostics[2]
      Request finished HTTP/1.1 POST http://localhost/users - 404 - - 1.7870ms
info: Microsoft.AspNetCore.Hosting.Diagnostics[16]
      Request reached the end of the middleware pipeline without being handled by application code. Request path: POST http://localhost/users, Response status code: 404
  Failed MeetingScheduler.Tests.IntegrationTests.DeleteNonExistentUser_ReturnsNoContent [374 ms]
  Error Message:
   Assert.Equal() Failure: Values differ
Expected: NoContent
Actual:   NotFound
  Stack Trace:
     at MeetingScheduler.Tests.IntegrationTests.DeleteNonExistentUser_ReturnsNoContent() in E:\TestTask\HYS\BackendCourse_2025Summer\Tests\IntegrationTests.cs:line 203
--- End of stack trace from previous location ---
  Failed MeetingScheduler.Tests.IntegrationTests.CreateUser_ReturnsCreatedUserId [63 ms]
  Error Message:
   System.Net.Http.HttpRequestException : Response status code does not indicate success: 404 (Not Found).
  Stack Trace:
     at System.Net.Http.HttpResponseMessage.EnsureSuccessStatusCode()
   at MeetingScheduler.Tests.IntegrationTests.CreateUser_ReturnsCreatedUserId() in E:\TestTask\HYS\BackendCourse_2025Summer\Tests\IntegrationTests.cs:line 79
--- End of stack trace from previous location ---
  Failed MeetingScheduler.Tests.IntegrationTests.CreateUser_WithVeryLongName_ReturnsBadRequest [28 ms]
  Error Message:
   Assert.Equal() Failure: Values differ
Expected: BadRequest
Actual:   NotFound
  Stack Trace:
     at MeetingScheduler.Tests.IntegrationTests.CreateUser_WithVeryLongName_ReturnsBadRequest() in E:\TestTask\HYS\BackendCourse_2025Summer\Tests\IntegrationTests.cs:line 183
--- End of stack trace from previous location ---
  Passed MeetingScheduler.Tests.IntegrationTests.GetNonExistentUser_ReturnsNotFound [41 ms]
  Failed MeetingScheduler.Tests.IntegrationTests.CreateMeeting_WithNoParticipants_ReturnsBadRequest [32 ms]
  Error Message:
   Assert.Equal() Failure: Values differ
Expected: BadRequest
Actual:   NotFound
  Stack Trace:
     at MeetingScheduler.Tests.IntegrationTests.CreateMeeting_WithNoParticipants_ReturnsBadRequest() in E:\TestTask\HYS\BackendCourse_2025Summer\Tests\IntegrationTests.cs:line 314
--- End of stack trace from previous location ---
  Failed MeetingScheduler.Tests.IntegrationTests.DeleteUser_ReturnsNoContent_WhenUserExists [19 ms]
  Error Message:
   System.Net.Http.HttpRequestException : Response status code does not indicate success: 404 (Not Found).
  Stack Trace:
     at System.Net.Http.HttpResponseMessage.EnsureSuccessStatusCode()
   at MeetingScheduler.Tests.IntegrationTests.DeleteUser_ReturnsNoContent_WhenUserExists() in E:\TestTask\HYS\BackendCourse_2025Summer\Tests\IntegrationTests.cs:line 132
--- End of stack trace from previous location ---
  Passed MeetingScheduler.Tests.IntegrationTests.GetNonExistentMeeting_ReturnsNotFound [21 ms]
  Failed MeetingScheduler.Tests.IntegrationTests.CreateMeeting_WithInvalidTimeRange_ReturnsBadRequest [33 ms]
  Error Message:
   Assert.Equal() Failure: Values differ
Expected: BadRequest
Actual:   NotFound
  Stack Trace:
     at MeetingScheduler.Tests.IntegrationTests.CreateMeeting_WithInvalidTimeRange_ReturnsBadRequest() in E:\TestTask\HYS\BackendCourse_2025Summer\Tests\IntegrationTests.cs:line 231
--- End of stack trace from previous location ---
  Failed MeetingScheduler.Tests.IntegrationTests.GetUsers_ReturnsSuccessStatusCode [19 ms]
  Error Message:
   System.Net.Http.HttpRequestException : Response status code does not indicate success: 404 (Not Found).
  Stack Trace:
     at System.Net.Http.HttpResponseMessage.EnsureSuccessStatusCode()
   at MeetingScheduler.Tests.IntegrationTests.GetUsers_ReturnsSuccessStatusCode() in E:\TestTask\HYS\BackendCourse_2025Summer\Tests\IntegrationTests.cs:line 60
--- End of stack trace from previous location ---
[xUnit.net 00:00:00.99]     
MeetingScheduler.Tests.Integ
rationTests.DeleteNonExisten
tMeeting_ReturnsNoContent 
[FAIL]
[xUnit.net 00:00:00.99]       Assert.Equal() Failure: Values differ
[xUnit.net 00:00:00.99]       Expected: NoContent
[xUnit.net 00:00:00.99]       Actual:   NotFound
[xUnit.net 00:00:00.99]       Stack Trace:
[xUnit.net 00:00:00.99]         E:\TestTask\HYS\BackendCourse_2025Summer\Tests\IntegrationTests.cs(275,0): at MeetingScheduler.Tests.IntegrationTests.DeleteNonExistentMeeting_ReturnsNoContent()
[xUnit.net 00:00:00.99]         --- End of stack trace from previous location ---
[xUnit.net 00:00:01.01]     
MeetingScheduler.Tests.Integ
rationTests.GetUserById_Retu
rnsUser_WhenUserExists 
[FAIL]
[xUnit.net 00:00:01.01]       System.Net.Http.HttpRequestException : Response status code does not indicate success: 404 (Not Found).
[xUnit.net 00:00:01.01]       Stack Trace:
[xUnit.net 00:00:01.01]            at System.Net.Http.HttpResponseMessage.EnsureSuccessStatusCode()
[xUnit.net 00:00:01.01]         E:\TestTask\HYS\BackendCourse_2025Summer\Tests\IntegrationTests.cs(100,0): at MeetingScheduler.Tests.IntegrationTests.GetUserById_ReturnsUser_WhenUserExists()
[xUnit.net 00:00:01.01]         --- End of stack trace from previous location ---
info: Microsoft.AspNetCore.Hosting.Diagnostics[1]
      Request starting HTTP/1.1 POST http://localhost/meetings - application/json;+charset=utf-8 122
warn: Microsoft.AspNetCore.HttpsPolicy.HttpsRedirectionMiddleware[3]
      Failed to determine the https port for redirect.
info: Microsoft.AspNetCore.Hosting.Diagnostics[2]
      Request finished HTTP/1.1 POST http://localhost/meetings - 404 - - 2.0888ms
info: Microsoft.AspNetCore.Hosting.Diagnostics[16]
      Request reached the end of the middleware pipeline without being handled by application code. Request path: POST http://localhost/meetings, Response status code: 404
info: Microsoft.AspNetCore.Hosting.Diagnostics[1]
      Request starting HTTP/1.1 GET http://localhost/meetings/users/999999 - - -
warn: Microsoft.AspNetCore.HttpsPolicy.HttpsRedirectionMiddleware[3]
      Failed to determine the https port for redirect.
info: Microsoft.AspNetCore.Hosting.Diagnostics[2]
      Request finished HTTP/1.1 GET http://localhost/meetings/users/999999 - 404 - - 1.8472ms
info: Microsoft.AspNetCore.Hosting.Diagnostics[16]
      Request reached the end of the middleware pipeline without being handled by application code. Request path: GET http://localhost/meetings/users/999999, Response status code: 404
[xUnit.net 00:00:01.05]     
MeetingScheduler.Tests.Integ
rationTests.GetMeetingsForNo
nExistentUser_ReturnsEmptyLi
st [FAIL]
[xUnit.net 00:00:01.05]       System.Net.Http.HttpRequestException : Response status code does not indicate success: 404 (Not Found).
[xUnit.net 00:00:01.05]       Stack Trace:
[xUnit.net 00:00:01.05]            at System.Net.Http.HttpResponseMessage.EnsureSuccessStatusCode()
[xUnit.net 00:00:01.05]         E:\TestTask\HYS\BackendCourse_2025Summer\Tests\IntegrationTests.cs(285,0): at MeetingScheduler.Tests.IntegrationTests.GetMeetingsForNonExistentUser_ReturnsEmptyList()
[xUnit.net 00:00:01.05]         --- End of stack trace from previous location ---
info: Microsoft.AspNetCore.Hosting.Diagnostics[1]
      Request starting HTTP/1.1 POST http://localhost/users - application/json;+charset=utf-8 11
warn: Microsoft.AspNetCore.HttpsPolicy.HttpsRedirectionMiddleware[3]
      Failed to determine the https port for redirect.
info: Microsoft.AspNetCore.Hosting.Diagnostics[2]
      Request finished HTTP/1.1 POST http://localhost/users - 404 - - 2.0029ms
info: Microsoft.AspNetCore.Hosting.Diagnostics[16]
      Request reached the end of the middleware pipeline without being handled by application code. Request path: POST http://localhost/users, Response status code: 404
[xUnit.net 00:00:01.07]     
MeetingScheduler.Tests.Integ
rationTests.CreateUser_WithE
mptyName_ReturnsBadRequest 
[FAIL]
[xUnit.net 00:00:01.07]       Assert.Equal() Failure: Values differ
[xUnit.net 00:00:01.07]       Expected: BadRequest
[xUnit.net 00:00:01.07]       Actual:   NotFound
[xUnit.net 00:00:01.07]       Stack Trace:
[xUnit.net 00:00:01.07]         E:\TestTask\HYS\BackendCourse_2025Summer\Tests\IntegrationTests.cs(165,0): at MeetingScheduler.Tests.IntegrationTests.CreateUser_WithEmptyName_ReturnsBadRequest()
[xUnit.net 00:00:01.07]         --- End of stack trace from previous location ---
[xUnit.net 00:00:01.08]   Finished:    Tests
  Failed MeetingScheduler.Tests.IntegrationTests.DeleteNonExistentMeeting_ReturnsNoContent [24 ms]
  Error Message:
   Assert.Equal() Failure: Values differ
Expected: NoContent
Actual:   NotFound
  Stack Trace:
     at MeetingScheduler.Tests.IntegrationTests.DeleteNonExistentMeeting_ReturnsNoContent() in E:\TestTask\HYS\BackendCourse_2025Summer\Tests\IntegrationTests.cs:line 275
--- End of stack trace from previous location ---
  Failed MeetingScheduler.Tests.IntegrationTests.GetUserById_ReturnsUser_WhenUserExists [38 ms]
  Error Message:
   System.Net.Http.HttpRequestException : Response status code does not indicate success: 404 (Not Found).
  Stack Trace:
     at System.Net.Http.HttpResponseMessage.EnsureSuccessStatusCode()
   at MeetingScheduler.Tests.IntegrationTests.GetUserById_ReturnsUser_WhenUserExists() in E:\TestTask\HYS\BackendCourse_2025Summer\Tests\IntegrationTests.cs:line 100
--- End of stack trace from previous location ---
  Passed MeetingScheduler.Tests.IntegrationTests.CreateMeeting_WithNonExistentParticipant_ReturnsNotFound [21 ms]
  Failed MeetingScheduler.Tests.IntegrationTests.GetMeetingsForNonExistentUser_ReturnsEmptyList [19 ms]
  Error Message:
   System.Net.Http.HttpRequestException : Response status code does not indicate success: 404 (Not Found).
  Stack Trace:
     at System.Net.Http.HttpResponseMessage.EnsureSuccessStatusCode()
   at MeetingScheduler.Tests.IntegrationTests.GetMeetingsForNonExistentUser_ReturnsEmptyList() in E:\TestTask\HYS\BackendCourse_2025Summer\Tests\IntegrationTests.cs:line 285
--- End of stack trace from previous location ---
  Failed MeetingScheduler.Tests.IntegrationTests.CreateUser_WithEmptyName_ReturnsBadRequest [20 ms]
  Error Message:
   Assert.Equal() Failure: Values differ
Expected: BadRequest
Actual:   NotFound
  Stack Trace:
     at MeetingScheduler.Tests.IntegrationTests.CreateUser_WithEmptyName_ReturnsBadRequest() in E:\TestTask\HYS\BackendCourse_2025Summer\Tests\IntegrationTests.cs:line 165
--- End of stack trace from previous location ---

Test Run Failed.
Total tests: 14
     Passed: 3
     Failed: 11
 Total time: 1.7638 Seconds
